                                                                                
 [1mJustify Modes  (q to quit)[m                                                     
                                                                                
                                                                                
 [1mJustifyStart  — children packed to the left[m                                    
                                                                                
[48;5;237m[48;5;237m[48;5;61m┌──────────────────┐[m[m[48;5;237m[48;5;61m┌──────────────────┐[m[m[48;5;237m[48;5;61m┌──────────────────┐[m[m[m[48;5;237m                    [m
[48;5;237m[48;5;237m[48;5;61m│        A         │[m[m[48;5;237m[48;5;61m│        B         │[m[m[48;5;237m[48;5;61m│        C         │[m[m[m[48;5;237m                    [m
[48;5;237m[48;5;237m[48;5;61m└──────────────────┘[m[m[48;5;237m[48;5;61m└──────────────────┘[m[m[48;5;237m[48;5;61m└──────────────────┘[m[m[m[48;5;237m                    [m
                                                                                
 [1mJustifyCenter — children centered[m                                              
                                                                                
[48;5;237m[48;5;237m[m[48;5;237m          [m[48;5;237m[48;5;61m┌──────────────────┐[m[m[48;5;237m[48;5;61m┌──────────────────┐[m[m[48;5;237m[48;5;61m┌──────────────────┐[m[m[48;5;237m[m[48;5;237m          [m[m
[48;5;237m[48;5;237m          [m[48;5;237m[48;5;61m│        A         │[m[m[48;5;237m[48;5;61m│        B         │[m[m[48;5;237m[48;5;61m│        C         │[m[m[48;5;237m          [m[m
[48;5;237m          [48;5;237m[48;5;61m└──────────────────┘[m[m[48;5;237m[48;5;61m└──────────────────┘[m[m[48;5;237m[48;5;61m└──────────────────┘[m[m          [m
                                                                                
 [1mJustifyEnd    — children packed to the right[m                                   
                                                                                
[48;5;237m[48;5;237m[m[48;5;237m                    [m[48;5;237m[48;5;61m┌──────────────────┐[m[m[48;5;237m[48;5;61m┌──────────────────┐[m[m[48;5;237m[48;5;61m┌──────────────────┐[m[m[m
[48;5;237m[48;5;237m                    [m[48;5;237m[48;5;61m│        A         │[m[m[48;5;237m[48;5;61m│        B         │[m[m[48;5;237m[48;5;61m│        C         │[m[m[m
[48;5;237m                    [48;5;237m[48;5;61m└──────────────────┘[m[m[48;5;237m[48;5;61m└──────────────────┘[m[m[48;5;237m[48;5;61m└──────────────────┘[m[m[m
                                                                                
 [1mJustifySpaceBetween — space distributed between children[m                       
                                                                                
[48;5;237m[48;5;237m[48;5;61m┌──────────────────┐[m[m[48;5;237m[m[48;5;237m          [m[48;5;237m[48;5;61m┌──────────────────┐[m[m[48;5;237m[m[48;5;237m          [m[48;5;237m[48;5;61m┌──────────────────┐[m[m[m
[48;5;237m[48;5;237m[48;5;61m│        A         │[m[m[48;5;237m          [m[48;5;237m[48;5;61m│        B         │[m[m[48;5;237m          [m[48;5;237m[48;5;61m│        C         │[m[m[m
[48;5;237m[48;5;237m[48;5;61m└──────────────────┘[m[m          [48;5;237m[48;5;61m└──────────────────┘[m[m          [48;5;237m[48;5;61m└──────────────────┘[m[m[m