[38;5;240m╭──────────────────────────────────────────────────────────────────────────────╮[m
[38;5;240m│[m[1mroot (80,20)[m                                                                  [38;5;240m│[m
[38;5;240m│[m                                                                              [38;5;240m│[m
[38;5;240m│[m  [38;5;240m╭────────────────────────────────────────────────────────────────────────╮[m  [38;5;240m│[m
[38;5;240m│[m  [38;5;240m│[m[1minner (74,15)[m                                                           [38;5;240m│[m  [38;5;240m│[m
[38;5;240m│[m  [38;5;240m│[m[38;5;240m╭──────────────────────────────────────────────────────────────────────╮[m[38;5;240m│[m  [38;5;240m│[m
[38;5;240m│[m  [38;5;240m│[m[38;5;240m│[m[1mheader (72,3)[m                                                         [38;5;240m│[m[38;5;240m│[m  [38;5;240m│[m
[38;5;240m│[m  [38;5;240m│[m[38;5;240m│[m                                HEADER                                [38;5;240m│[m[38;5;240m│[m  [38;5;240m│[m
[38;5;240m│[m  [38;5;240m│[m[38;5;240m╰──────────────────────────────────────────────────────────────────────╯[m[38;5;240m│[m  [38;5;240m│[m
[38;5;240m│[m  [38;5;240m│[m                                                                        [38;5;240m│[m  [38;5;240m│[m
[38;5;240m│[m  [38;5;240m│[m[38;5;240m╭──────────────────────────────────────────────────────────────────────╮[m[38;5;240m│[m  [38;5;240m│[m
[38;5;240m│[m  [38;5;240m│[m[38;5;240m│[m[1mbody (72,8)[m                                                           [38;5;240m│[m[38;5;240m│[m  [38;5;240m│[m
[38;5;240m│[m  [38;5;240m│[m[38;5;240m│[m[38;5;240m╭─────────────────────╮[m [38;5;240m╭────────────────────────────────────────────╮[m[38;5;240m│[m[38;5;240m│[m  [38;5;240m│[m
[38;5;240m│[m  [38;5;240m│[m[38;5;240m│[m[38;5;240m│[m[1mleft (23,5)[m          [38;5;240m│[m [38;5;240m│[m[1mright (46,5)[m                                [38;5;240m│[m[38;5;240m│[m[38;5;240m│[m  [38;5;240m│[m
[38;5;240m│[m  [38;5;240m│[m[38;5;240m│[m[38;5;240m│[m        left         [38;5;240m│[m [38;5;240m│[m                   right                    [38;5;240m│[m[38;5;240m│[m[38;5;240m│[m  [38;5;240m│[m
[38;5;240m│[m  [38;5;240m│[m[38;5;240m│[m[38;5;240m│[m                     [38;5;240m│[m [38;5;240m│[m                                            [38;5;240m│[m[38;5;240m│[m[38;5;240m│[m  [38;5;240m│[m
[38;5;240m│[m  [38;5;240m│[m[38;5;240m│[m[38;5;240m╰─────────────────────╯[m [38;5;240m╰────────────────────────────────────────────╯[m[38;5;240m│[m[38;5;240m│[m  [38;5;240m│[m
[38;5;240m│[m  [38;5;240m│[m[38;5;240m╰──────────────────────────────────────────────────────────────────────╯[m[38;5;240m│[m  [38;5;240m│[m
[38;5;240m│[m  [38;5;240m╰────────────────────────────────────────────────────────────────────────╯[m  [38;5;240m│[m
[38;5;240m│[m                                                                              [38;5;240m│[m
[38;5;240m╰──────────────────────────────────────────────────────────────────────────────╯[m
[48;5;236m  [m[38;5;252;48;5;236mInspect(root):[m[48;5;236m  [m[48;5;236m                                                              [m
[48;5;236m  [m[38;5;252;48;5;236m[m[48;5;236m  [m[48;5;236m                                                                            [m
[48;5;236m  [m[38;5;252;48;5;236mVBox "root" flex=1 pad={1,2,1,2} debug[m[48;5;236m  [m[48;5;236m                                      [m
[48;5;236m  [m[38;5;252;48;5;236m└─ VBox "inner" flex=1 gap=1 debug[m[48;5;236m  [m[48;5;236m                                          [m
[48;5;236m  [m[38;5;252;48;5;236m   ├─ Leaf "header" h=3 debug[m[48;5;236m  [m[48;5;236m                                               [m
[48;5;236m  [m[38;5;252;48;5;236m   └─ HBox "body" flex=1 gap=1 debug[m[48;5;236m  [m[48;5;236m                                        [m
[48;5;236m  [m[38;5;252;48;5;236m      ├─ Leaf "left" flex=1 debug[m[48;5;236m  [m[48;5;236m                                           [m
[48;5;236m  [m[38;5;252;48;5;236m      └─ Leaf "right" flex=2 debug[m[48;5;236m  [m[48;5;236m                                          [m
[48;5;236m  [m[38;5;252;48;5;236m[m[48;5;236m  [m[48;5;236m                                                                            [m
[48;5;236m                                                                                [m