                                                                                
 [1mSpacing Controls  (q to quit)[m                                                  
                                                                                
                                                                                
 [1mGap: 3  — space between siblings[m                                               
                                                                                
[48;5;237m[48;5;237m[48;5;61m┌───────────────────────┐[m[m[48;5;237m[m[48;5;237m   [m[48;5;237m[48;5;61m┌───────────────────────┐[m[m[48;5;237m[m[48;5;237m   [m[48;5;237m[48;5;61m┌──────────────────────┐[m[m[m
[48;5;237m[48;5;237m[48;5;61m│           A           │[m[m[48;5;237m   [m[48;5;237m[48;5;61m│           B           │[m[m[48;5;237m   [m[48;5;237m[48;5;61m│          C           │[m[m[m
[48;5;237m[48;5;237m[48;5;61m│                       │[m[m[48;5;237m   [m[48;5;237m[48;5;61m│                       │[m[m[48;5;237m   [m[48;5;237m[48;5;61m│                      │[m[m[m
[48;5;237m[48;5;237m[48;5;61m└───────────────────────┘[m[m[48;5;237m   [m[48;5;237m[48;5;61m└───────────────────────┘[m[m[48;5;237m   [m[48;5;237m[48;5;61m└──────────────────────┘[m[m[m
                                                                                
 [1mPadding: 2  — inner space[m                                                      
                                                                                
[48;5;237m                                                                                [m
[48;5;237m                                                                                [m
[48;5;237m  [m[48;5;237m[48;5;237m[48;5;237m[48;5;61m┌────────────────────────┐[m[m[48;5;237m[48;5;61m┌───────────────────────┐[m[m[48;5;237m[48;5;61m┌───────────────────────┐[m[m[m[m[48;5;237m  [m
[48;5;237m  [m[48;5;237m[48;5;237m[48;5;237m[48;5;61m│           A            │[m[m[48;5;237m[48;5;61m│           B           │[m[m[48;5;237m[48;5;61m│           C           │[m[m[m[m[48;5;237m  [m
[48;5;237m  [m[48;5;237m[48;5;237m[48;5;237m[48;5;61m└────────────────────────┘[m[m[48;5;237m[48;5;61m└───────────────────────┘[m[m[48;5;237m[48;5;61m└───────────────────────┘[m[m[m[m[48;5;237m  [m
[48;5;237m                                                                                [m
[48;5;237m                                                                                [m
                                                                                
 [1mMargin: 1  — outer space around each node[m                                      
                                                                                
[48;5;237m[48;5;237m[48;5;237m[m[48;5;237m                           [m[m[48;5;237m[48;5;237m[m[48;5;237m                           [m[m[48;5;237m[48;5;237m[m[48;5;237m                          [m[m[m
[48;5;237m[48;5;237m[48;5;237m[m[48;5;237m [m[48;5;61m┌───────────────────────┐[m[48;5;237m[m[48;5;237m [m[m[48;5;237m[48;5;237m[m[48;5;237m [m[48;5;61m┌───────────────────────┐[m[48;5;237m[m[48;5;237m [m[m[48;5;237m[48;5;237m[m[48;5;237m [m[48;5;61m┌──────────────────────┐[m[48;5;237m[m[48;5;237m [m[m[m
[48;5;237m[48;5;237m[48;5;237m [m[48;5;61m│           A           │[m[48;5;237m [m[m[48;5;237m[48;5;237m [m[48;5;61m│           B           │[m[48;5;237m [m[m[48;5;237m[48;5;237m [m[48;5;61m│          C           │[m[48;5;237m [m[m[m
[48;5;237m[48;5;237m[48;5;237m [m[48;5;61m└───────────────────────┘[m[48;5;237m [m[m[48;5;237m[48;5;237m [m[48;5;61m└───────────────────────┘[m[48;5;237m [m[m[48;5;237m[48;5;237m [m[48;5;61m└──────────────────────┘[m[48;5;237m [m[m[m
[48;5;237m[48;5;237m[48;5;237m[m[48;5;237m                           [m[m[48;5;237m[48;5;237m[m[48;5;237m                           [m[m[48;5;237m[48;5;237m[m[48;5;237m                          [m[m[m