[48;5;237m┌──────────────────────────────────────────────────────────────────────────────┐[m
[48;5;237m│                                BUILDER HEADER                                │[m
[48;5;237m└──────────────────────────────────────────────────────────────────────────────┘[m
[48;5;237m                                                                                [m
[48;5;237m  [m[48;5;237m[48;5;237m[48;5;61m┌────────────────────┐[m[m[48;5;237m[m[48;5;237m  [m[48;5;237m[48;5;69m┌──────────────────────────────────────────────────┐[m[m[m[48;5;237m  [m
[48;5;237m  [m[48;5;237m[48;5;237m[48;5;61m│                    │[m[m[48;5;237m  [m[48;5;237m[48;5;69m│                                                  │[m[m[m[48;5;237m  [m
[48;5;237m  [m[48;5;237m[48;5;237m[48;5;61m│                    │[m[m[48;5;237m  [m[48;5;237m[48;5;69m│                                                  │[m[m[m[48;5;237m  [m
[48;5;237m  [m[48;5;237m[48;5;237m[48;5;61m│                    │[m[m[48;5;237m  [m[48;5;237m[48;5;69m│                                                  │[m[m[m[48;5;237m  [m
[48;5;237m  [m[48;5;237m[48;5;237m[48;5;61m│                    │[m[m[48;5;237m  [m[48;5;237m[48;5;69m│                                                  │[m[m[m[48;5;237m  [m
[48;5;237m  [m[48;5;237m[48;5;237m[48;5;61m│                    │[m[m[48;5;237m  [m[48;5;237m[48;5;69m│                                                  │[m[m[m[48;5;237m  [m
[48;5;237m  [m[48;5;237m[48;5;237m[48;5;61m│                    │[m[m[48;5;237m  [m[48;5;237m[48;5;69m│                                                  │[m[m[m[48;5;237m  [m
[48;5;237m  [m[48;5;237m[48;5;237m[48;5;61m│        NAV         │[m[m[48;5;237m  [m[48;5;237m[48;5;69m│                     CONTENT                      │[m[m[m[48;5;237m  [m
[48;5;237m  [m[48;5;237m[48;5;237m[48;5;61m│                    │[m[m[48;5;237m  [m[48;5;237m[48;5;69m│                                                  │[m[m[m[48;5;237m  [m
[48;5;237m  [m[48;5;237m[48;5;237m[48;5;61m│                    │[m[m[48;5;237m  [m[48;5;237m[48;5;69m│                                                  │[m[m[m[48;5;237m  [m
[48;5;237m  [m[48;5;237m[48;5;237m[48;5;61m│                    │[m[m[48;5;237m  [m[48;5;237m[48;5;69m│                                                  │[m[m[m[48;5;237m  [m
[48;5;237m  [m[48;5;237m[48;5;237m[48;5;61m│                    │[m[m[48;5;237m  [m[48;5;237m[48;5;69m│                                                  │[m[m[m[48;5;237m  [m
[48;5;237m  [m[48;5;237m[48;5;237m[48;5;61m│                    │[m[m[48;5;237m  [m[48;5;237m[48;5;69m│                                                  │[m[m[m[48;5;237m  [m
[48;5;237m  [m[48;5;237m[48;5;237m[48;5;61m│                    │[m[m[48;5;237m  [m[48;5;237m[48;5;69m│                                                  │[m[m[m[48;5;237m  [m
[48;5;237m  [m[48;5;237m[48;5;237m[48;5;61m│                    │[m[m[48;5;237m  [m[48;5;237m[48;5;69m│                                                  │[m[m[m[48;5;237m  [m
[48;5;237m  [m[48;5;237m[48;5;237m[48;5;61m└────────────────────┘[m[m[48;5;237m  [m[48;5;237m[48;5;69m└──────────────────────────────────────────────────┘[m[m[m[48;5;237m  [m
[48;5;237m                                                                                [m
[48;5;237m┌──────────────────────────────────────────────────────────────────────────────┐[m
[48;5;237m│                                BUILDER FOOTER                                │[m
[48;5;237m└──────────────────────────────────────────────────────────────────────────────┘[m