[48;5;236m                                                                                [m
[48;5;236m                                                                                [m
[48;5;236m    [m[48;5;236m[48;5;236m[48;5;236m       [1;38;5;250mName:[m[m[48;5;236m[m[48;5;236m [m[48;5;236m[48;5;238m [m[38;5;252;48;5;238mAda Lovelace[m[48;5;238m [m[48;5;238m                                             [m[m[m[m[48;5;236m    [m
[48;5;236m    [m[48;5;236m[48;5;236m[m[48;5;236m                                                                        [m[m[48;5;236m    [m
[48;5;236m    [m[48;5;236m[48;5;236m[48;5;236m      [1;38;5;250mEmail:[m[m[48;5;236m[m[48;5;236m [m[48;5;236m[48;5;238m [m[38;5;252;48;5;238mada@example.com[m[48;5;238m [m[48;5;238m                                          [m[m[m[m[48;5;236m    [m
[48;5;236m    [m[48;5;236m[48;5;236m[m[48;5;236m                                                                        [m[m[48;5;236m    [m
[48;5;236m    [m[48;5;236m[48;5;236m[48;5;236m     [1;38;5;250mRegion:[m[m[48;5;236m[m[48;5;236m [m[48;5;236m[48;5;238m [m[38;5;252;48;5;238meu-west-1[m[48;5;238m [m[48;5;238m                                                [m[m[m[m[48;5;236m    [m
[48;5;236m    [m[48;5;236m[48;5;236m[m[48;5;236m                                                                        [m[m[48;5;236m    [m
[48;5;236m    [m[48;5;236m[48;5;236m[48;5;236m       [1;38;5;250mTeam:[m[m[48;5;236m[m[48;5;236m [m[48;5;236m[48;5;238m [m[38;5;252;48;5;238mPlatform[m[48;5;238m [m[48;5;238m                                                 [m[m[m[m[48;5;236m    [m
[48;5;236m                                                                                [m
[48;5;236m                                                                                [m
[48;5;236m                                                                                [m
[48;5;236m                                                                                [m
[48;5;236m                                                                                [m
[48;5;236m                                                                                [m
[48;5;236m                                                                                [m
[48;5;236m                                                                                [m
[48;5;236m                                                                                [m
[48;5;236m                                                                                [m
[48;5;236m                                                                                [m
[48;5;236m                                                                                [m
[48;5;236m                                                                                [m
[48;5;236m                                                                                [m
[48;5;236m                                                                                [m