                                                                                
                                                                                
                                                                                
                                                                                
                                                                                
                                                                                
                   ╭────────────────────────────────────────╮                   
                   │[48;5;237m[48;5;237m[48;5;237m             [m[1;38;5;230;48;5;237mConfirm action[m[48;5;237m             [m[m[m│                   
                   │[48;5;237m[48;5;237m[48;5;237m                                        [m[m[m│                   
                   │[48;5;237m[48;5;237m[48;5;237m  [m[38;5;252;48;5;237mDiscard 3 unsaved changes?[m[48;5;237m  [m[48;5;237m          [m[m[m│                   
                   │[48;5;237m[48;5;237m[48;5;237m  [m[38;5;252;48;5;237m[m[48;5;237m  [m[48;5;237m                                    [m[m[m│                   
                   │[48;5;237m[48;5;237m[48;5;237m  [m[38;5;252;48;5;237m[y] Yes   [n] No[m[48;5;237m  [m[48;5;237m                    [m[m[m│                   
                   │[48;5;237m[48;5;237m[48;5;237m                                        [m[m[m│                   
                   │[48;5;237m[48;5;237m[48;5;237m                                        [m[m[m│                   
                   │[48;5;237m[48;5;237m[48;5;237m                                        [m[m[m│                   
                   │[48;5;237m[48;5;237m[48;5;237m                                        [m[m[m│                   
                   │[48;5;237m[48;5;237m[48;5;237m                                        [m[m[m│                   
                   ╰────────────────────────────────────────╯                   
                                                                                
                                                                                
                                                                                
                                                                                
                                                                                
                                                                                