┌──────────────────────────────────────────────────────────────────────────────┐
│                                    HEADER                                    │
└──────────────────────────────────────────────────────────────────────────────┘
┌──────────────────────────────────────────────────────┐        ┌──────────────┐
│                     STATUS INFO                      │        │ 1.0.0-alpha  │
└──────────────────────────────────────────────────────┘        └──────────────┘
┌──────────────────────┐┌──────────────────────────────────────────────────────┐
│                      ││                                                      │
│                      ││                                                      │
│                      ││                                                      │
│                      ││                                                      │
│                      ││                                                      │
│                      ││                                                      │
│         LEFT         ││                        RIGHT                         │
│                      ││                                                      │
│                      ││                                                      │
│                      ││                                                      │
│                      ││                                                      │
│                      ││                                                      │
│                      ││                                                      │
└──────────────────────┘└──────────────────────────────────────────────────────┘
┌──────────────────────────────────────────────────────────────────────────────┐
│                                    Footer                                    │
└──────────────────────────────────────────────────────────────────────────────┘