[48;5;236m                                                                                [m
[48;5;236m  [m[48;5;236m[48;5;236m[48;5;236m[48;5;236m          Logs           [m[m[48;5;236m[m[48;5;236m [m[48;5;236m[48;5;236m         Metrics         [m[m[48;5;236m[m[48;5;236m [m[48;5;236m[48;5;236m         Alerts         [m[m[m[m[48;5;236m  [m
[48;5;236m  [m[48;5;236m[48;5;236m[48;5;236m[48;5;236m            [m[48;5;236m [m[48;5;236m            [m[m[48;5;236m [m[48;5;236m[48;5;236m         [m[48;5;236m-------[m[48;5;236m         [m[m[48;5;236m [m[48;5;236m[48;5;236m           [m[48;5;236m [m[48;5;236m            [m[m[m[m[48;5;236m  [m
[48;5;236m  [m[48;5;236m[48;5;236m[48;5;59m                                      [m[48;5;59m                                      [m[m[m[48;5;236m  [m
[48;5;236m  [m[48;5;236m[48;5;236m[48;5;59m                                      [m[48;5;59m                                      [m[m[m[48;5;236m  [m
[48;5;236m  [m[48;5;236m[48;5;236m[48;5;59m                                      [m[48;5;59m                                      [m[m[m[48;5;236m  [m
[48;5;236m  [m[48;5;236m[48;5;236m[48;5;59m                                      [m[48;5;59m                                      [m[m[m[48;5;236m  [m
[48;5;236m  [m[48;5;236m[48;5;236m[48;5;59m                                      [m[48;5;59m                                      [m[m[m[48;5;236m  [m
[48;5;236m  [m[48;5;236m[48;5;236m[48;5;59m                                      [m[48;5;59m                                      [m[m[m[48;5;236m  [m
[48;5;236m  [m[48;5;236m[48;5;236m[48;5;59m                                      [m[48;5;59m                                      [m[m[m[48;5;236m  [m
[48;5;236m  [m[48;5;236m[48;5;236m[48;5;59m                                      [m[48;5;59m                                      [m[m[m[48;5;236m  [m
[48;5;236m  [m[48;5;236m[48;5;236m[48;5;59m                                      [m[48;5;59m                                      [m[m[m[48;5;236m  [m
[48;5;236m  [m[48;5;236m[48;5;236m[48;5;59m                              [m[38;5;230;48;5;59mCPU 14%  RAM 38%[m[48;5;59m                              [m[m[m[48;5;236m  [m
[48;5;236m  [m[48;5;236m[48;5;236m[48;5;59m                                      [m[48;5;59m                                      [m[m[m[48;5;236m  [m
[48;5;236m  [m[48;5;236m[48;5;236m[48;5;59m                                      [m[48;5;59m                                      [m[m[m[48;5;236m  [m
[48;5;236m  [m[48;5;236m[48;5;236m[48;5;59m                                      [m[48;5;59m                                      [m[m[m[48;5;236m  [m
[48;5;236m  [m[48;5;236m[48;5;236m[48;5;59m                                      [m[48;5;59m                                      [m[m[m[48;5;236m  [m
[48;5;236m  [m[48;5;236m[48;5;236m[48;5;59m                                      [m[48;5;59m                                      [m[m[m[48;5;236m  [m
[48;5;236m  [m[48;5;236m[48;5;236m[48;5;59m                                      [m[48;5;59m                                      [m[m[m[48;5;236m  [m
[48;5;236m  [m[48;5;236m[48;5;236m[48;5;59m                                      [m[48;5;59m                                      [m[m[m[48;5;236m  [m
[48;5;236m  [m[48;5;236m[48;5;236m[48;5;59m                                      [m[48;5;59m                                      [m[m[m[48;5;236m  [m
[48;5;236m  [m[48;5;236m[48;5;236m[48;5;59m                                      [m[48;5;59m                                      [m[m[m[48;5;236m  [m
[48;5;236m  [m[48;5;236m[48;5;236m[48;5;59m                                      [m[48;5;59m                                      [m[m[m[48;5;236m  [m
[48;5;236m                                                                                [m