[48;5;237m[48;5;237m[48;5;237m[m[48;5;237m                         [m[48;5;61m┌────────────────────────────┐[m[48;5;237m[m[48;5;237m                         [m[m[m
[48;5;237m[48;5;237m[48;5;237m                         [m[48;5;61m│                            │[m[48;5;237m                         [m[m[m
[48;5;237m[48;5;237m[48;5;237m                         [m[48;5;61m│   HORIZONTALLY CENTERED    │[m[48;5;237m                         [m[m[m
[48;5;237m[48;5;237m[48;5;237m                         [m[48;5;61m│                            │[m[48;5;237m                         [m[m[m
[48;5;237m[48;5;237m[48;5;237m                         [m[48;5;61m└────────────────────────────┘[m[48;5;237m                         [m[m[m
[48;5;237m                                                                                [m
[48;5;237m                                                                                [m
[48;5;237m                                                                                [m
[48;5;237m                                                                                [m
[48;5;237m                                                                                [m
[48;5;237m                                                                                [m
[48;5;237m                                                                                [m
[48;5;237m                                                                                [m
[48;5;237m                                                                                [m
[48;5;237m                                                                                [m
[48;5;237m                                                                                [m
[48;5;237m                                                                                [m
[48;5;237m                                                                                [m
[48;5;237m                                                                                [m
[48;5;237m                                                                                [m
[48;5;237m                                                                                [m
[48;5;237m                                                                                [m
[48;5;237m                                                                                [m
[48;5;237m                                                                                [m