                                                                                
                                                                                
                                                                                
                                                                                
                                                                                
                                                                                
                                                                                
                                                                                
                    [48;5;61m┌──────────────────────────────────────┐[m                    
                    [48;5;61m│                                      │[m                    
                    [48;5;61m│                                      │[m                    
                    [48;5;61m│               CENTERED               │[m                    
                    [48;5;61m│                                      │[m                    
                    [48;5;61m│                                      │[m                    
                    [48;5;61m│                                      │[m                    
                    [48;5;61m└──────────────────────────────────────┘[m                    
                                                                                
                                                                                
                                                                                
                                                                                
                                                                                
                                                                                
                                                                                
                                                                                